// Jest Snapshot v1, https://goo.gl/fbAQLP

exports[`Order Deve fazer um pedido com 3 itens (com descrição, preço e quantidade)  1`] = `true`;

exports[`Order Deve fazer um pedido com cpf válido 1`] = `
Object {
  "items": Array [
    Object {
      "product": Product {
        "description": "Short azul",
        "price": 1000,
      },
      "quantity": 1,
    },
  ],
  "paymentTotal": 1000,
  "status": "DONE",
  "user": Object {
    "cpf": "553.566.310-73",
  },
}
`;
